// Jest Snapshot v1, https://goo.gl/fbAQLP

exports[`Config Plugin iOS Tests Adds FullStory to Podfile 1`] = `
"require File.join(File.dirname(\`node --print \\"require.resolve('expo/package.json')\\"\`), \\"scripts/autolinking\\")
require File.join(File.dirname(\`node --print \\"require.resolve('react-native/package.json')\\"\`), \\"scripts/react_native_pods\\")
require File.join(File.dirname(\`node --print \\"require.resolve('@react-native-community/cli-platform-ios/package.json')\\"\`), \\"native_modules\\")

platform :ios, '12.0'

require 'json'
podfile_properties = JSON.parse(File.read('./Podfile.properties.json')) rescue {}

target 'HelloWorld' do
# @generated begin @fullstory/react-native podfile - expo prebuild (DO NOT MODIFY) sync-e0c5a00239acd8e9abee7fd89110259318af5457
pod 'FullStory', :http => 'https://ios-releases.fullstory.com/fullstory-1.27.1-xcframework.tar.gz'
# @generated end @fullstory/react-native podfile
  use_expo_modules!
  config = use_native_modules!

  use_react_native!(
    :path => config[:reactNativePath],
    :hermes_enabled => podfile_properties['expo.jsEngine'] == 'hermes'
  )

  # Uncomment to opt-in to using Flipper
  #
  # if !ENV['CI']
  #   use_flipper!('Flipper' => '0.75.1', 'Flipper-Folly' => '2.5.3', 'Flipper-RSocket' => '1.3.1')
  # end

  post_install do |installer|
    react_native_post_install(installer)

    # Workaround \`Cycle inside FBReactNativeSpec\` error for react-native 0.64
    # Reference: https://github.com/software-mansion/react-native-screens/issues/842#issuecomment-812543933
    installer.pods_project.targets.each do |target|
      if (target.name&.eql?('FBReactNativeSpec'))
        target.build_phases.each do |build_phase|
          if (build_phase.respond_to?(:name) && build_phase.name.eql?('[CP-User] Generate Specs'))
            target.build_phases.move(build_phase, 0)
          end
        end
      end
    end
  end

  post_integrate do |installer|
    begin
      expo_patch_react_imports!(installer)
    rescue => e
      Pod::UI.warn e
    end
  end

end
Footer
"
`;
